Script started on 2019-09-11 16:52:34-07:00 [TERM="xterm-256color" TTY="/dev/pts/2" COLUMNS="123" LINES="24"]
sehoon@sehoon-VirtualBox: ~/c9.io/cs012_assignment/home/workspace/cs100/RSHELL./rshell$
sehoon@sehoon-VirtualBox: ~/c9.io/cs012_assignment/home/workspace/cs100/RSHELL./rshell$ make
rm -rf bin
mkdir bin
g++ -Wall -Werror -ansi -pedantic src/rshell.cpp -o bin/rshell
sehoon@sehoon-VirtualBox: ~/c9.io/cs012_assignment/home/workspace/cs100/RSHELL./rshell$ ./bin/rshell
$ la && la
a && ls
ls && a
echo 1 || ls
echo 1 && ls || a
echo 1 && ls || a && ls
echo 1 && ls || a && ls
a || ls && echo 2
a || a && ls
execve failed: No such file or directory
free(): invalid pointer
$ execve failed: No such file or directory
free(): invalid pointer
$ 8  bin	exit_test  Four_Demo.sh  LICENSE  Makefile  multi_command.script  README.md  src  temp	tests
execve failed: No such file or directory
free(): invalid pointer
$ 1
$ 1
8  bin	exit_test  Four_Demo.sh  LICENSE  Makefile  multi_command.script  README.md  src  temp	tests
$ 1
8  bin	exit_test  Four_Demo.sh  LICENSE  Makefile  multi_command.script  README.md  src  temp	tests
8  bin	exit_test  Four_Demo.sh  LICENSE  Makefile  multi_command.script  README.md  src  temp	tests
$ 1
8  bin	exit_test  Four_Demo.sh  LICENSE  Makefile  multi_command.script  README.md  src  temp	tests
8  bin	exit_test  Four_Demo.sh  LICENSE  Makefile  multi_command.script  README.md  src  temp	tests
$ execve failed: No such file or directory
free(): invalid pointer
8  bin	exit_test  Four_Demo.sh  LICENSE  Makefile  multi_command.script  README.md  src  temp	tests
2
$ execve failed: No such file or directory
free(): invalid pointer
execve failed: No such file or directory
free(): invalid pointer
$ exit
sehoon@sehoon-VirtualBox: ~/c9.io/cs012_assignment/home/workspace/cs100/RSHELL./rshell$ exit
Script done on 2019-09-11 16:52:55-07:00 [COMMAND_EXIT_CODE="1"]
